// Jest Snapshot v1, https://goo.gl/fbAQLP

exports[`renders without crashing 1`] = `
<ContextProvider
  value={null}
>
  <App
    advInit={[Function]}
    auth={
      Object {
        "error": null,
        "loading": false,
        "token": "",
        "username": "",
      }
    }
    dispatch={[MockFunction]}
    store={
      Object {
        "getState": [Function],
      }
    }
  />
</ContextProvider>
`;
