// Jest Snapshot v1, https://goo.gl/fbAQLP

exports[`renders without crashing 1`] = `
<ContextProvider
  value={null}
>
  <App
    auth={
      Object {
        "error": null,
        "loading": false,
        "token": "",
        "user": Object {
          "username": "",
          "uuid": "",
        },
      }
    }
    checkLogin={[Function]}
    dispatch={[MockFunction]}
    store={
      Object {
        "getState": [Function],
      }
    }
  />
</ContextProvider>
`;
